// Jest Snapshot v1, https://goo.gl/fbAQLP

exports[`App component should render correctly 1`] = `
<div
  class="App"
  id="app"
>
  <intro-stub />
   
  <home-stub
    conf="[object Object]"
  />
</div>
`;
